// Jest Snapshot v1, https://goo.gl/fbAQLP

exports[`renders AddLogModal correctly 1`] = `
<div
  className="modal"
  id="add-log-modal"
>
  <LogForm
    onSubmit={[Function]}
  />
</div>
`;
