// Jest Snapshot v1, https://goo.gl/fbAQLP

exports[`should render AddTechModal correctly 1`] = `
<div
  className="modal"
  id="add-tech-modal"
>
  <TechForm
    onSubmit={[Function]}
  />
</div>
`;
