// Jest Snapshot v1, https://goo.gl/fbAQLP

exports[`should render AddButton correctly 1`] = `
<div
  className="fixed-action-btn"
>
  <a
    className="btn-floating btn-large blue modal-trigger"
    href="#add-log-modal"
  >
    <i
      className="large material-icons"
    >
      add
    </i>
  </a>
  <ul>
    <li>
      <a
        className="btn-floating green modal-trigger"
        href="#tech-list-modal"
      >
        <i
          className="material-icons"
        >
          person
        </i>
      </a>
    </li>
    <li>
      <a
        className="btn-floating red modal-trigger"
        href="#add-tech-modal"
      >
        <i
          className="material-icons"
        >
          person_add
        </i>
      </a>
    </li>
  </ul>
</div>
`;
