// Jest Snapshot v1, https://goo.gl/fbAQLP

exports[`should render Preloader correctly 1`] = `
<div
  className="progress blue lighten-4"
>
  <div
    className="indeterminate blue"
  />
</div>
`;
