// Jest Snapshot v1, https://goo.gl/fbAQLP

exports[`should render SearchBar correctly 1`] = `
<nav
  className="blue"
  style={
    Object {
      "marginBottom": "30px",
    }
  }
>
  <div
    className="nav-wrapper"
  >
    <form>
      <div
        className="input-field"
      >
        <input
          id="search"
          onChange={[Function]}
          placeholder="Search logs..."
          required={true}
          type="search"
        />
        <label
          className="label-icon"
          htmlFor="search"
        >
          <i
            className="material-icons"
          >
            search
          </i>
        </label>
        <i
          className="material-icons"
        >
          close
        </i>
      </div>
    </form>
  </div>
</nav>
`;
